******************************************************************************
                  TI ARM Linker PC v20.2.7                     
******************************************************************************
>> Linked Sun Nov  3 16:35:48 2024

OUTPUT FILE NAME:   <lab2.out>
ENTRY POINT SYMBOL: "_c_int00_noargs"  address: 000008f9


MEMORY CONFIGURATION

         name            origin    length      used     unused   attr    fill
----------------------  --------  ---------  --------  --------  ----  --------
  FLASH                 00000000   00040000  00000c50  0003f3b0  R  X
  SRAM                  20000000   00008000  00000474  00007b8c  RW X


SEGMENT ALLOCATION MAP

run origin  load origin   length   init length attrs members
----------  ----------- ---------- ----------- ----- -------
00000000    00000000    00000c50   00000c50    r-x
  00000000    00000000    0000026c   0000026c    r-- .intvecs
  0000026c    0000026c    000007e8   000007e8    r-x .text
  00000a54    00000a54    000001cc   000001cc    r-- .const
  00000c20    00000c20    00000030   00000030    r-- .cinit
20000000    20000000    00000478   00000000    rw-
  20000000    20000000    0000026c   00000000    rw- .vtable
  20000270    20000270    00000200   00000000    rw- .stack
  20000470    20000470    00000008   00000000    rw- .data


SECTION ALLOCATION MAP

 output                                  attributes/
section   page    origin      length       input sections
--------  ----  ----------  ----------   ----------------
.intvecs   0    00000000    0000026c     
                  00000000    0000026c     tm4c123gh6pm_startup_ccs.obj (.intvecs)

.text      0    0000026c    000007e8     
                  0000026c    00000268     exercise3.obj (.text)
                  000004d4    00000104     driverlib.lib : sysctl.obj (.text:SysCtlClockSet)
                  000005d8    000000b8                   : gpio.obj (.text:GPIOPadConfigSet)
                  00000690    0000009c     rtsv7M4_T_le_v4SPD16_eabi.lib : memcpy_t2.asm.obj (.text)
                  0000072c    00000068                                   : copy_decompress_lzss.c.obj (.text:decompress:lzss:__TI_decompress_lzss)
                  00000794    00000060     driverlib.lib : interrupt.obj (.text:IntEnable)
                  000007f4    00000056                   : gpio.obj (.text:GPIOIntTypeSet)
                  0000084a    00000002     --HOLE-- [fill = 0]
                  0000084c    00000044     rtsv7M4_T_le_v4SPD16_eabi.lib : autoinit.c.obj (.text:__TI_auto_init_nobinit_nopinit:__TI_auto_init_nobinit_nopinit)
                  00000890    00000034     driverlib.lib : interrupt.obj (.text:IntRegister)
                  000008c4    00000034                   : sysctl.obj (.text:SysCtlPeripheralEnable)
                  000008f8    00000034     rtsv7M4_T_le_v4SPD16_eabi.lib : boot_cortex_m.c.obj (.text:_c_int00_noargs:_c_int00_noargs)
                  0000092c    0000002a     driverlib.lib : gpio.obj (.text:GPIODirModeSet)
                  00000956    00000002     --HOLE-- [fill = 0]
                  00000958    00000024                   : interrupt.obj (.text:IntPrioritySet)
                  0000097c    0000001c                   : gpio.obj (.text:_GPIOIntNumberGet)
                  00000998    0000001c     rtsv7M4_T_le_v4SPD16_eabi.lib : copy_zero_init.c.obj (.text:decompress:ZI:__TI_zero_init_nomemset:__TI_zero_init_nomemset)
                  000009b4    00000018     driverlib.lib : gpio.obj (.text:GPIOIntRegister)
                  000009cc    00000012                   : gpio.obj (.text:GPIOPinTypeGPIOInput)
                  000009de    00000012                   : gpio.obj (.text:GPIOPinTypeGPIOOutput)
                  000009f0    0000000e                   : gpio.obj (.text:GPIOIntStatus)
                  000009fe    0000000e     rtsv7M4_T_le_v4SPD16_eabi.lib : copy_decompress_none.c.obj (.text:decompress:none:__TI_decompress_none)
                  00000a0c    0000000c     driverlib.lib : cpu.obj (.text:CPUcpsie)
                  00000a18    0000000c                   : gpio.obj (.text:GPIOIntEnable)
                  00000a24    0000000c     tm4c123gh6pm_startup_ccs.obj (.text)
                  00000a30    0000000a     driverlib.lib : interrupt.obj (.text:IntMasterEnable)
                  00000a3a    00000006                   : gpio.obj (.text:GPIOIntClear)
                  00000a40    00000006                   : gpio.obj (.text:GPIOPinWrite)
                  00000a46    00000006                   : sysctl.obj (.text:SysCtlDelay)
                  00000a4c    00000004     rtsv7M4_T_le_v4SPD16_eabi.lib : pre_init.c.obj (.text:_system_pre_init)
                  00000a50    00000004                                   : exit.c.obj (.text:abort:abort)

.const     0    00000a54    000001cc     
                  00000a54    000000c0     driverlib.lib : gpio.obj (.const:g_ppui32GPIOIntMapBlizzard)
                  00000b14    0000009c                   : interrupt.obj (.const:g_pui32Regs)
                  00000bb0    00000070                   : interrupt.obj (.const)

.cinit     0    00000c20    00000030     
                  00000c20    0000000c     (__TI_handler_table)
                  00000c2c    0000000a     (.cinit..data.load) [load image, compression = lzss]
                  00000c36    00000002     --HOLE-- [fill = 0]
                  00000c38    00000008     (.cinit..vtable.load) [load image, compression = zero_init]
                  00000c40    00000010     (__TI_cinit_table)

.init_array 
*          0    00000000    00000000     UNINITIALIZED

.vtable    0    20000000    0000026c     UNINITIALIZED
                  20000000    0000026c     driverlib.lib : interrupt.obj (.vtable)

.data      0    20000470    00000008     UNINITIALIZED
                  20000470    00000008     exercise3.obj (.data)

.stack     0    20000270    00000200     UNINITIALIZED
                  20000270    00000004     rtsv7M4_T_le_v4SPD16_eabi.lib : boot_cortex_m.c.obj (.stack)
                  20000274    000001fc     --HOLE--

__llvm_prf_cnts 
*          0    20000000    00000000     UNINITIALIZED

MODULE SUMMARY

       Module                         code   ro data   rw data
       ------                         ----   -------   -------
    .\
       tm4c123gh6pm_startup_ccs.obj   12     620       0      
       exercise3.obj                  616    0         8      
    +--+------------------------------+------+---------+---------+
       Total:                         628    620       8      
                                                              
    C:/ti/TivaWare_C_Series-1.1/driverlib/ccs/Debug/driverlib.lib
       interrupt.obj                  194    268       620    
       gpio.obj                       438    192       0      
       sysctl.obj                     318    0         0      
       cpu.obj                        12     0         0      
    +--+------------------------------+------+---------+---------+
       Total:                         962    460       620    
                                                              
    C:\ti\ccs1250\ccs\tools\compiler\ti-cgt-arm_20.2.7.LTS\lib\rtsv7M4_T_le_v4SPD16_eabi.lib
       memcpy_t2.asm.obj              156    0         0      
       copy_decompress_lzss.c.obj     104    0         0      
       autoinit.c.obj                 68     0         0      
       boot_cortex_m.c.obj            52     0         0      
       copy_zero_init.c.obj           28     0         0      
       copy_decompress_none.c.obj     14     0         0      
       exit.c.obj                     4      0         0      
       pre_init.c.obj                 4      0         0      
    +--+------------------------------+------+---------+---------+
       Total:                         430    0         0      
                                                              
       Stack:                         0      0         512    
       Linker Generated:              0      46        0      
    +--+------------------------------+------+---------+---------+
       Grand Total:                   2020   1126      1140   


LINKER GENERATED COPY TABLES

__TI_cinit_table @ 00000c40 records: 2, size/record: 8, table size: 16
	.data: load addr=00000c2c, load size=0000000a bytes, run addr=20000470, run size=00000008 bytes, compression=lzss
	.vtable: load addr=00000c38, load size=00000008 bytes, run addr=20000000, run size=0000026c bytes, compression=zero_init


LINKER GENERATED HANDLER TABLE

__TI_handler_table @ 00000c20 records: 3, size/record: 4, table size: 12
	index: 0, handler: __TI_zero_init
	index: 1, handler: __TI_decompress_lzss
	index: 2, handler: __TI_decompress_none


GLOBAL SYMBOLS: SORTED ALPHABETICALLY BY Name 

address   name                          
-------   ----                          
00000a51  C$$EXIT                       
00000a0d  CPUcpsie                      
0000092d  GPIODirModeSet                
00000a3b  GPIOIntClear                  
00000a19  GPIOIntEnable                 
000009b5  GPIOIntRegister               
000009f1  GPIOIntStatus                 
000007f5  GPIOIntTypeSet                
000005d9  GPIOPadConfigSet              
000009cd  GPIOPinTypeGPIOInput          
000009df  GPIOPinTypeGPIOOutput         
00000a41  GPIOPinWrite                  
0000030d  GPIOPortFIntHandler           
00000795  IntEnable                     
00000a31  IntMasterEnable               
00000959  IntPrioritySet                
00000891  IntRegister                   
00000a25  ResetISR                      
000004d5  SysCtlClockSet                
00000a47  SysCtlDelay                   
000008c5  SysCtlPeripheralEnable        
20000470  __STACK_END                   
00000200  __STACK_SIZE                  
20000470  __STACK_TOP                   
00000c40  __TI_CINIT_Base               
00000c50  __TI_CINIT_Limit              
00000c20  __TI_Handler_Table_Base       
00000c2c  __TI_Handler_Table_Limit      
0000084d  __TI_auto_init_nobinit_nopinit
0000072d  __TI_decompress_lzss          
000009ff  __TI_decompress_none          
ffffffff  __TI_pprof_out_hndl           
ffffffff  __TI_prof_data_size           
ffffffff  __TI_prof_data_start          
00000000  __TI_static_base__            
00000999  __TI_zero_init_nomemset       
00000691  __aeabi_memcpy                
00000691  __aeabi_memcpy4               
00000691  __aeabi_memcpy8               
ffffffff  __binit__                     
ffffffff  __c_args__                    
UNDEFED   __mpu_init                    
20000270  __stack                       
20000000  __start___llvm_prf_cnts       
20000000  __stop___llvm_prf_cnts        
000008f9  _c_int00_noargs               
UNDEFED   _system_post_cinit            
00000a4d  _system_pre_init              
00000a51  abort                         
ffffffff  binit                         
00000383  display_num                   
20000000  g_pfnRAMVectors               
00000000  g_pfnVectors                  
20000474  init                          
20000470  led_num                       
0000026d  main                          
00000691  memcpy                        


GLOBAL SYMBOLS: SORTED BY Symbol Address 

address   name                          
-------   ----                          
00000000  __TI_static_base__            
00000000  g_pfnVectors                  
00000200  __STACK_SIZE                  
0000026d  main                          
0000030d  GPIOPortFIntHandler           
00000383  display_num                   
000004d5  SysCtlClockSet                
000005d9  GPIOPadConfigSet              
00000691  __aeabi_memcpy                
00000691  __aeabi_memcpy4               
00000691  __aeabi_memcpy8               
00000691  memcpy                        
0000072d  __TI_decompress_lzss          
00000795  IntEnable                     
000007f5  GPIOIntTypeSet                
0000084d  __TI_auto_init_nobinit_nopinit
00000891  IntRegister                   
000008c5  SysCtlPeripheralEnable        
000008f9  _c_int00_noargs               
0000092d  GPIODirModeSet                
00000959  IntPrioritySet                
00000999  __TI_zero_init_nomemset       
000009b5  GPIOIntRegister               
000009cd  GPIOPinTypeGPIOInput          
000009df  GPIOPinTypeGPIOOutput         
000009f1  GPIOIntStatus                 
000009ff  __TI_decompress_none          
00000a0d  CPUcpsie                      
00000a19  GPIOIntEnable                 
00000a25  ResetISR                      
00000a31  IntMasterEnable               
00000a3b  GPIOIntClear                  
00000a41  GPIOPinWrite                  
00000a47  SysCtlDelay                   
00000a4d  _system_pre_init              
00000a51  C$$EXIT                       
00000a51  abort                         
00000c20  __TI_Handler_Table_Base       
00000c2c  __TI_Handler_Table_Limit      
00000c40  __TI_CINIT_Base               
00000c50  __TI_CINIT_Limit              
20000000  __start___llvm_prf_cnts       
20000000  __stop___llvm_prf_cnts        
20000000  g_pfnRAMVectors               
20000270  __stack                       
20000470  __STACK_END                   
20000470  __STACK_TOP                   
20000470  led_num                       
20000474  init                          
ffffffff  __TI_pprof_out_hndl           
ffffffff  __TI_prof_data_size           
ffffffff  __TI_prof_data_start          
ffffffff  __binit__                     
ffffffff  __c_args__                    
ffffffff  binit                         
UNDEFED   __mpu_init                    
UNDEFED   _system_post_cinit            

[57 symbols]
